Godot Engine v4.6.stable.official.89cea1439 - https://godotengine.org

ERROR: Failed to read the root certificate store.
   at: get_system_ca_certificates (platform/windows/os_windows.cpp:2570)
[   0% ] first_scan_filesystem | Started 프로젝트 초기화 (5 steps)
[   0% ] first_scan_filesystem | 파일 구조 스캔 중...
[  16% ] first_scan_filesystem | 전역 클래스 이름을 불러오는 중...
[  33% ] first_scan_filesystem | GDExtensions 검증 중...
[  50% ] first_scan_filesystem | 오토로드 스크립트를 만드는 중...
[  66% ] first_scan_filesystem | 플러그인을 초기화 중...
[  83% ] first_scan_filesystem | 파일 스캔 시작 중...
[ DONE ] first_scan_filesystem

[   0% ] update_scripts_classes | Started 전역 클래스를 등록하는 중... (26 steps)
[   0% ] update_scripts_classes | BattleGround
[   3% ] update_scripts_classes | UnitVisual
[   7% ] update_scripts_classes | HeroAura
[  11% ] update_scripts_classes | CombatCalculator
[  14% ] update_scripts_classes | CombatRegistry
[  18% ] update_scripts_classes | ProjectilePool
[  22% ] update_scripts_classes | HeroController
[  25% ] update_scripts_classes | BattleResources
[  29% ] update_scripts_classes | BossUnit
[  33% ] update_scripts_classes | UnitBase
[  37% ] update_scripts_classes | 
[  40% ] update_scripts_classes | 
[  44% ] update_scripts_classes | BattleManager
[  48% ] update_scripts_classes | 
[  51% ] update_scripts_classes | 
[  55% ] update_scripts_classes | SpawnManager
[  59% ] update_scripts_classes | StageManager
[  62% ] update_scripts_classes | 
[  66% ] update_scripts_classes | 
[  70% ] update_scripts_classes | 
[  74% ] update_scripts_classes | 
[  77% ] update_scripts_classes | ActionButton
[  81% ] update_scripts_classes | BattleHUD
[  85% ] update_scripts_classes | 
[  88% ] update_scripts_classes | SafeMargin
[  92% ] update_scripts_classes | UIKit
[ DONE ] update_scripts_classes

[   0% ] _update_scan_actions | Started 액션 스캔 중... (8 steps)
[   0% ] _update_scan_actions | click.wav
[  11% ] _update_scan_actions | defeat.wav
[  22% ] _update_scan_actions | hit.wav
[  33% ] _update_scan_actions | march.wav
[  44% ] _update_scan_actions | skill.wav
[  55% ] _update_scan_actions | summon.wav
[  66% ] _update_scan_actions | victory.wav
[  77% ] _update_scan_actions | icon.svg
[ DONE ] _update_scan_actions

[   0% ] reimport | Started 애셋 (다시) 가져오는 중 (8 steps)
[   0% ] reimport | 다시 가져올 파일을 준비 중...
[  11% ] reimport | 다시 가져올 파일을 준비 중...
[  22% ] reimport | 다시 가져올 파일을 준비 중...
[  33% ] reimport | 다시 가져올 파일을 준비 중...
[  44% ] reimport | 다시 가져올 파일을 준비 중...
[  55% ] reimport | 다시 가져올 파일을 준비 중...
[  66% ] reimport | 다시 가져올 파일을 준비 중...
[  77% ] reimport | 다시 가져올 파일을 준비 중...
[   0% ] reimport | 다시 가져오기 전 작업을 수행 중...
[   0% ] reimport | icon.svg
[  11% ] reimport | icon.svg
[  22% ] reimport | click.wav
[  33% ] reimport | defeat.wav
[  44% ] reimport | hit.wav
[  55% ] reimport | march.wav
[  66% ] reimport | skill.wav
[  77% ] reimport | summon.wav
[  88% ] reimport | 애셋 가져오기 마무리 중...
[ DONE ] reimport

[   0% ] reimport | Started 애셋 (다시) 가져오는 중 (8 steps)
[   0% ] reimport | 다시 가져오기 후 작업을 수행 중...
[ DONE ] reimport

[   0% ] loading_editor_layout | Started 편집기를 불러오는 중 (5 steps)
[   0% ] loading_editor_layout | 편집기 레이아웃을 불러오는 중...
[  16% ] loading_editor_layout | 독을 불러오는 중...
[ DONE ] loading_editor_layout

